{
  "event": "event",
  "service": [
    "tag1"
  ],
  "resource": "resource",
  "environment": "Production",
  "severity": "minor",
  "timeout": 604800
}