{"origin":"origin1","tags":["tag1"],"timeout":10000}